// Jest Snapshot v1, https://goo.gl/fbAQLP

exports[`DeveloperSignup should render correctly 1`] = `
ShallowWrapper {
  "length": 1,
  Symbol(enzyme.__root__): [Circular],
  Symbol(enzyme.__unrendered__): <DeveloperSignup />,
  Symbol(enzyme.__renderer__): Object {
    "batchedUpdates": [Function],
    "getNode": [Function],
    "render": [Function],
    "simulateEvent": [Function],
    "unmount": [Function],
  },
  Symbol(enzyme.__node__): Object {
    "instance": null,
    "key": undefined,
    "nodeType": "class",
    "props": Object {
      "bsClass": "form",
      "children": Array [
        <p>
          Create
           a ChRIS Developer account:
</p>,
        <FormGroup
          bsClass="form-group"
          controlId="username"
          validationState={null}
>
          <ControlLabel
                    bsClass="control-label"
                    srOnly={false}
          >
                    Username
          </ControlLabel>
          <FormControl
                    autoComplete="off"
                    autoFocus={true}
                    bsClass="form-control"
                    componentClass="input"
                    disabled={undefined}
                    name="username"
                    onChange={[Function]}
                    type="text"
          />
          <HelpBlock
                    bsClass="help-block"
          >
                    Enter your username
          </HelpBlock>
</FormGroup>,
        <FormGroup
          bsClass="form-group"
          controlId="email"
          validationState={null}
>
          <ControlLabel
                    bsClass="control-label"
                    srOnly={false}
          >
                    Email
          </ControlLabel>
          <FormControl
                    autoComplete="off"
                    bsClass="form-control"
                    componentClass="input"
                    disabled={undefined}
                    name="email"
                    onChange={[Function]}
                    type="email"
          />
          <HelpBlock
                    bsClass="help-block"
          >
                    Enter your email
          </HelpBlock>
</FormGroup>,
        <FormGroup
          bsClass="form-group"
          controlId="password"
          validationState={null}
>
          <ControlLabel
                    bsClass="control-label"
                    srOnly={false}
          >
                    Password
          </ControlLabel>
          <FormControl
                    autoComplete="new-password"
                    bsClass="form-control"
                    componentClass="input"
                    disabled={undefined}
                    name="password"
                    onChange={[Function]}
                    type="password"
          />
          <HelpBlock
                    bsClass="help-block"
          >
                    Enter your password
          </HelpBlock>
</FormGroup>,
        <FormGroup
          bsClass="form-group"
          controlId="password-confirm"
          validationState={null}
>
          <ControlLabel
                    bsClass="control-label"
                    srOnly={false}
          >
                    Password Confirmation
          </ControlLabel>
          <FormControl
                    autoComplete="new-password"
                    bsClass="form-control"
                    componentClass="input"
                    disabled={undefined}
                    name="passwordConfirm"
                    onChange={[Function]}
                    type="password"
          />
          <HelpBlock
                    bsClass="help-block"
          >
                    Confirm your password
          </HelpBlock>
</FormGroup>,
        <Spinner
          className=""
          inline={true}
          inverse={false}
          loading={false}
          size="md"
>
          <Button
                    active={false}
                    block={false}
                    bsClass="btn"
                    bsSize="large"
                    bsStyle="primary"
                    disabled={false}
                    type="submit"
          >
                    Create Account
          </Button>
</Spinner>,
        false,
      ],
      "componentClass": "form",
      "horizontal": false,
      "inline": false,
      "noValidate": true,
      "onSubmit": [Function],
    },
    "ref": null,
    "rendered": Array [
      Object {
        "instance": null,
        "key": undefined,
        "nodeType": "host",
        "props": Object {
          "children": Array [
            "Create",
            " a ChRIS Developer account:",
          ],
        },
        "ref": null,
        "rendered": Array [
          "Create",
          " a ChRIS Developer account:",
        ],
        "type": "p",
      },
      Object {
        "instance": null,
        "key": undefined,
        "nodeType": "class",
        "props": Object {
          "bsClass": "form-group",
          "children": Array [
            <ControlLabel
              bsClass="control-label"
              srOnly={false}
>
              Username
</ControlLabel>,
            <FormControl
              autoComplete="off"
              autoFocus={true}
              bsClass="form-control"
              componentClass="input"
              disabled={undefined}
              name="username"
              onChange={[Function]}
              type="text"
/>,
            <HelpBlock
              bsClass="help-block"
>
              Enter your username
</HelpBlock>,
          ],
          "controlId": "username",
          "validationState": null,
        },
        "ref": null,
        "rendered": Array [
          Object {
            "instance": null,
            "key": undefined,
            "nodeType": "class",
            "props": Object {
              "bsClass": "control-label",
              "children": "Username",
              "srOnly": false,
            },
            "ref": null,
            "rendered": "Username",
            "type": [Function],
          },
          Object {
            "instance": null,
            "key": undefined,
            "nodeType": "class",
            "props": Object {
              "autoComplete": "off",
              "autoFocus": true,
              "bsClass": "form-control",
              "componentClass": "input",
              "disabled": undefined,
              "name": "username",
              "onChange": [Function],
              "type": "text",
            },
            "ref": null,
            "rendered": null,
            "type": [Function],
          },
          Object {
            "instance": null,
            "key": undefined,
            "nodeType": "class",
            "props": Object {
              "bsClass": "help-block",
              "children": "Enter your username",
            },
            "ref": null,
            "rendered": "Enter your username",
            "type": [Function],
          },
        ],
        "type": [Function],
      },
      Object {
        "instance": null,
        "key": undefined,
        "nodeType": "class",
        "props": Object {
          "bsClass": "form-group",
          "children": Array [
            <ControlLabel
              bsClass="control-label"
              srOnly={false}
>
              Email
</ControlLabel>,
            <FormControl
              autoComplete="off"
              bsClass="form-control"
              componentClass="input"
              disabled={undefined}
              name="email"
              onChange={[Function]}
              type="email"
/>,
            <HelpBlock
              bsClass="help-block"
>
              Enter your email
</HelpBlock>,
          ],
          "controlId": "email",
          "validationState": null,
        },
        "ref": null,
        "rendered": Array [
          Object {
            "instance": null,
            "key": undefined,
            "nodeType": "class",
            "props": Object {
              "bsClass": "control-label",
              "children": "Email",
              "srOnly": false,
            },
            "ref": null,
            "rendered": "Email",
            "type": [Function],
          },
          Object {
            "instance": null,
            "key": undefined,
            "nodeType": "class",
            "props": Object {
              "autoComplete": "off",
              "bsClass": "form-control",
              "componentClass": "input",
              "disabled": undefined,
              "name": "email",
              "onChange": [Function],
              "type": "email",
            },
            "ref": null,
            "rendered": null,
            "type": [Function],
          },
          Object {
            "instance": null,
            "key": undefined,
            "nodeType": "class",
            "props": Object {
              "bsClass": "help-block",
              "children": "Enter your email",
            },
            "ref": null,
            "rendered": "Enter your email",
            "type": [Function],
          },
        ],
        "type": [Function],
      },
      Object {
        "instance": null,
        "key": undefined,
        "nodeType": "class",
        "props": Object {
          "bsClass": "form-group",
          "children": Array [
            <ControlLabel
              bsClass="control-label"
              srOnly={false}
>
              Password
</ControlLabel>,
            <FormControl
              autoComplete="new-password"
              bsClass="form-control"
              componentClass="input"
              disabled={undefined}
              name="password"
              onChange={[Function]}
              type="password"
/>,
            <HelpBlock
              bsClass="help-block"
>
              Enter your password
</HelpBlock>,
          ],
          "controlId": "password",
          "validationState": null,
        },
        "ref": null,
        "rendered": Array [
          Object {
            "instance": null,
            "key": undefined,
            "nodeType": "class",
            "props": Object {
              "bsClass": "control-label",
              "children": "Password",
              "srOnly": false,
            },
            "ref": null,
            "rendered": "Password",
            "type": [Function],
          },
          Object {
            "instance": null,
            "key": undefined,
            "nodeType": "class",
            "props": Object {
              "autoComplete": "new-password",
              "bsClass": "form-control",
              "componentClass": "input",
              "disabled": undefined,
              "name": "password",
              "onChange": [Function],
              "type": "password",
            },
            "ref": null,
            "rendered": null,
            "type": [Function],
          },
          Object {
            "instance": null,
            "key": undefined,
            "nodeType": "class",
            "props": Object {
              "bsClass": "help-block",
              "children": "Enter your password",
            },
            "ref": null,
            "rendered": "Enter your password",
            "type": [Function],
          },
        ],
        "type": [Function],
      },
      Object {
        "instance": null,
        "key": undefined,
        "nodeType": "class",
        "props": Object {
          "bsClass": "form-group",
          "children": Array [
            <ControlLabel
              bsClass="control-label"
              srOnly={false}
>
              Password Confirmation
</ControlLabel>,
            <FormControl
              autoComplete="new-password"
              bsClass="form-control"
              componentClass="input"
              disabled={undefined}
              name="passwordConfirm"
              onChange={[Function]}
              type="password"
/>,
            <HelpBlock
              bsClass="help-block"
>
              Confirm your password
</HelpBlock>,
          ],
          "controlId": "password-confirm",
          "validationState": null,
        },
        "ref": null,
        "rendered": Array [
          Object {
            "instance": null,
            "key": undefined,
            "nodeType": "class",
            "props": Object {
              "bsClass": "control-label",
              "children": "Password Confirmation",
              "srOnly": false,
            },
            "ref": null,
            "rendered": "Password Confirmation",
            "type": [Function],
          },
          Object {
            "instance": null,
            "key": undefined,
            "nodeType": "class",
            "props": Object {
              "autoComplete": "new-password",
              "bsClass": "form-control",
              "componentClass": "input",
              "disabled": undefined,
              "name": "passwordConfirm",
              "onChange": [Function],
              "type": "password",
            },
            "ref": null,
            "rendered": null,
            "type": [Function],
          },
          Object {
            "instance": null,
            "key": undefined,
            "nodeType": "class",
            "props": Object {
              "bsClass": "help-block",
              "children": "Confirm your password",
            },
            "ref": null,
            "rendered": "Confirm your password",
            "type": [Function],
          },
        ],
        "type": [Function],
      },
      Object {
        "instance": null,
        "key": undefined,
        "nodeType": "function",
        "props": Object {
          "children": <Button
            active={false}
            block={false}
            bsClass="btn"
            bsSize="large"
            bsStyle="primary"
            disabled={false}
            type="submit"
>
            Create Account
</Button>,
          "className": "",
          "inline": true,
          "inverse": false,
          "loading": false,
          "size": "md",
        },
        "ref": null,
        "rendered": Object {
          "instance": null,
          "key": undefined,
          "nodeType": "class",
          "props": Object {
            "active": false,
            "block": false,
            "bsClass": "btn",
            "bsSize": "large",
            "bsStyle": "primary",
            "children": "Create Account",
            "disabled": false,
            "type": "submit",
          },
          "ref": null,
          "rendered": "Create Account",
          "type": [Function],
        },
        "type": [Function],
      },
      false,
    ],
    "type": [Function],
  },
  Symbol(enzyme.__nodes__): Array [
    Object {
      "instance": null,
      "key": undefined,
      "nodeType": "class",
      "props": Object {
        "bsClass": "form",
        "children": Array [
          <p>
            Create
             a ChRIS Developer account:
</p>,
          <FormGroup
            bsClass="form-group"
            controlId="username"
            validationState={null}
>
            <ControlLabel
                        bsClass="control-label"
                        srOnly={false}
            >
                        Username
            </ControlLabel>
            <FormControl
                        autoComplete="off"
                        autoFocus={true}
                        bsClass="form-control"
                        componentClass="input"
                        disabled={undefined}
                        name="username"
                        onChange={[Function]}
                        type="text"
            />
            <HelpBlock
                        bsClass="help-block"
            >
                        Enter your username
            </HelpBlock>
</FormGroup>,
          <FormGroup
            bsClass="form-group"
            controlId="email"
            validationState={null}
>
            <ControlLabel
                        bsClass="control-label"
                        srOnly={false}
            >
                        Email
            </ControlLabel>
            <FormControl
                        autoComplete="off"
                        bsClass="form-control"
                        componentClass="input"
                        disabled={undefined}
                        name="email"
                        onChange={[Function]}
                        type="email"
            />
            <HelpBlock
                        bsClass="help-block"
            >
                        Enter your email
            </HelpBlock>
</FormGroup>,
          <FormGroup
            bsClass="form-group"
            controlId="password"
            validationState={null}
>
            <ControlLabel
                        bsClass="control-label"
                        srOnly={false}
            >
                        Password
            </ControlLabel>
            <FormControl
                        autoComplete="new-password"
                        bsClass="form-control"
                        componentClass="input"
                        disabled={undefined}
                        name="password"
                        onChange={[Function]}
                        type="password"
            />
            <HelpBlock
                        bsClass="help-block"
            >
                        Enter your password
            </HelpBlock>
</FormGroup>,
          <FormGroup
            bsClass="form-group"
            controlId="password-confirm"
            validationState={null}
>
            <ControlLabel
                        bsClass="control-label"
                        srOnly={false}
            >
                        Password Confirmation
            </ControlLabel>
            <FormControl
                        autoComplete="new-password"
                        bsClass="form-control"
                        componentClass="input"
                        disabled={undefined}
                        name="passwordConfirm"
                        onChange={[Function]}
                        type="password"
            />
            <HelpBlock
                        bsClass="help-block"
            >
                        Confirm your password
            </HelpBlock>
</FormGroup>,
          <Spinner
            className=""
            inline={true}
            inverse={false}
            loading={false}
            size="md"
>
            <Button
                        active={false}
                        block={false}
                        bsClass="btn"
                        bsSize="large"
                        bsStyle="primary"
                        disabled={false}
                        type="submit"
            >
                        Create Account
            </Button>
</Spinner>,
          false,
        ],
        "componentClass": "form",
        "horizontal": false,
        "inline": false,
        "noValidate": true,
        "onSubmit": [Function],
      },
      "ref": null,
      "rendered": Array [
        Object {
          "instance": null,
          "key": undefined,
          "nodeType": "host",
          "props": Object {
            "children": Array [
              "Create",
              " a ChRIS Developer account:",
            ],
          },
          "ref": null,
          "rendered": Array [
            "Create",
            " a ChRIS Developer account:",
          ],
          "type": "p",
        },
        Object {
          "instance": null,
          "key": undefined,
          "nodeType": "class",
          "props": Object {
            "bsClass": "form-group",
            "children": Array [
              <ControlLabel
                bsClass="control-label"
                srOnly={false}
>
                Username
</ControlLabel>,
              <FormControl
                autoComplete="off"
                autoFocus={true}
                bsClass="form-control"
                componentClass="input"
                disabled={undefined}
                name="username"
                onChange={[Function]}
                type="text"
/>,
              <HelpBlock
                bsClass="help-block"
>
                Enter your username
</HelpBlock>,
            ],
            "controlId": "username",
            "validationState": null,
          },
          "ref": null,
          "rendered": Array [
            Object {
              "instance": null,
              "key": undefined,
              "nodeType": "class",
              "props": Object {
                "bsClass": "control-label",
                "children": "Username",
                "srOnly": false,
              },
              "ref": null,
              "rendered": "Username",
              "type": [Function],
            },
            Object {
              "instance": null,
              "key": undefined,
              "nodeType": "class",
              "props": Object {
                "autoComplete": "off",
                "autoFocus": true,
                "bsClass": "form-control",
                "componentClass": "input",
                "disabled": undefined,
                "name": "username",
                "onChange": [Function],
                "type": "text",
              },
              "ref": null,
              "rendered": null,
              "type": [Function],
            },
            Object {
              "instance": null,
              "key": undefined,
              "nodeType": "class",
              "props": Object {
                "bsClass": "help-block",
                "children": "Enter your username",
              },
              "ref": null,
              "rendered": "Enter your username",
              "type": [Function],
            },
          ],
          "type": [Function],
        },
        Object {
          "instance": null,
          "key": undefined,
          "nodeType": "class",
          "props": Object {
            "bsClass": "form-group",
            "children": Array [
              <ControlLabel
                bsClass="control-label"
                srOnly={false}
>
                Email
</ControlLabel>,
              <FormControl
                autoComplete="off"
                bsClass="form-control"
                componentClass="input"
                disabled={undefined}
                name="email"
                onChange={[Function]}
                type="email"
/>,
              <HelpBlock
                bsClass="help-block"
>
                Enter your email
</HelpBlock>,
            ],
            "controlId": "email",
            "validationState": null,
          },
          "ref": null,
          "rendered": Array [
            Object {
              "instance": null,
              "key": undefined,
              "nodeType": "class",
              "props": Object {
                "bsClass": "control-label",
                "children": "Email",
                "srOnly": false,
              },
              "ref": null,
              "rendered": "Email",
              "type": [Function],
            },
            Object {
              "instance": null,
              "key": undefined,
              "nodeType": "class",
              "props": Object {
                "autoComplete": "off",
                "bsClass": "form-control",
                "componentClass": "input",
                "disabled": undefined,
                "name": "email",
                "onChange": [Function],
                "type": "email",
              },
              "ref": null,
              "rendered": null,
              "type": [Function],
            },
            Object {
              "instance": null,
              "key": undefined,
              "nodeType": "class",
              "props": Object {
                "bsClass": "help-block",
                "children": "Enter your email",
              },
              "ref": null,
              "rendered": "Enter your email",
              "type": [Function],
            },
          ],
          "type": [Function],
        },
        Object {
          "instance": null,
          "key": undefined,
          "nodeType": "class",
          "props": Object {
            "bsClass": "form-group",
            "children": Array [
              <ControlLabel
                bsClass="control-label"
                srOnly={false}
>
                Password
</ControlLabel>,
              <FormControl
                autoComplete="new-password"
                bsClass="form-control"
                componentClass="input"
                disabled={undefined}
                name="password"
                onChange={[Function]}
                type="password"
/>,
              <HelpBlock
                bsClass="help-block"
>
                Enter your password
</HelpBlock>,
            ],
            "controlId": "password",
            "validationState": null,
          },
          "ref": null,
          "rendered": Array [
            Object {
              "instance": null,
              "key": undefined,
              "nodeType": "class",
              "props": Object {
                "bsClass": "control-label",
                "children": "Password",
                "srOnly": false,
              },
              "ref": null,
              "rendered": "Password",
              "type": [Function],
            },
            Object {
              "instance": null,
              "key": undefined,
              "nodeType": "class",
              "props": Object {
                "autoComplete": "new-password",
                "bsClass": "form-control",
                "componentClass": "input",
                "disabled": undefined,
                "name": "password",
                "onChange": [Function],
                "type": "password",
              },
              "ref": null,
              "rendered": null,
              "type": [Function],
            },
            Object {
              "instance": null,
              "key": undefined,
              "nodeType": "class",
              "props": Object {
                "bsClass": "help-block",
                "children": "Enter your password",
              },
              "ref": null,
              "rendered": "Enter your password",
              "type": [Function],
            },
          ],
          "type": [Function],
        },
        Object {
          "instance": null,
          "key": undefined,
          "nodeType": "class",
          "props": Object {
            "bsClass": "form-group",
            "children": Array [
              <ControlLabel
                bsClass="control-label"
                srOnly={false}
>
                Password Confirmation
</ControlLabel>,
              <FormControl
                autoComplete="new-password"
                bsClass="form-control"
                componentClass="input"
                disabled={undefined}
                name="passwordConfirm"
                onChange={[Function]}
                type="password"
/>,
              <HelpBlock
                bsClass="help-block"
>
                Confirm your password
</HelpBlock>,
            ],
            "controlId": "password-confirm",
            "validationState": null,
          },
          "ref": null,
          "rendered": Array [
            Object {
              "instance": null,
              "key": undefined,
              "nodeType": "class",
              "props": Object {
                "bsClass": "control-label",
                "children": "Password Confirmation",
                "srOnly": false,
              },
              "ref": null,
              "rendered": "Password Confirmation",
              "type": [Function],
            },
            Object {
              "instance": null,
              "key": undefined,
              "nodeType": "class",
              "props": Object {
                "autoComplete": "new-password",
                "bsClass": "form-control",
                "componentClass": "input",
                "disabled": undefined,
                "name": "passwordConfirm",
                "onChange": [Function],
                "type": "password",
              },
              "ref": null,
              "rendered": null,
              "type": [Function],
            },
            Object {
              "instance": null,
              "key": undefined,
              "nodeType": "class",
              "props": Object {
                "bsClass": "help-block",
                "children": "Confirm your password",
              },
              "ref": null,
              "rendered": "Confirm your password",
              "type": [Function],
            },
          ],
          "type": [Function],
        },
        Object {
          "instance": null,
          "key": undefined,
          "nodeType": "function",
          "props": Object {
            "children": <Button
              active={false}
              block={false}
              bsClass="btn"
              bsSize="large"
              bsStyle="primary"
              disabled={false}
              type="submit"
>
              Create Account
</Button>,
            "className": "",
            "inline": true,
            "inverse": false,
            "loading": false,
            "size": "md",
          },
          "ref": null,
          "rendered": Object {
            "instance": null,
            "key": undefined,
            "nodeType": "class",
            "props": Object {
              "active": false,
              "block": false,
              "bsClass": "btn",
              "bsSize": "large",
              "bsStyle": "primary",
              "children": "Create Account",
              "disabled": false,
              "type": "submit",
            },
            "ref": null,
            "rendered": "Create Account",
            "type": [Function],
          },
          "type": [Function],
        },
        false,
      ],
      "type": [Function],
    },
  ],
  Symbol(enzyme.__options__): Object {
    "adapter": ReactSixteenAdapter {
      "options": Object {
        "enableComponentDidUpdateOnSetState": true,
      },
    },
  },
}
`;
