// Jest Snapshot v1, https://goo.gl/fbAQLP

exports[`LoadingContent should render correctly 1`] = `
ShallowWrapper {
  "length": 1,
  Symbol(enzyme.__root__): [Circular],
  Symbol(enzyme.__unrendered__): <LoadingContent
    bottom="0"
    className=""
    height=""
    left="0"
    right="0"
    top="0"
    type=""
    width=""
/>,
  Symbol(enzyme.__renderer__): Object {
    "batchedUpdates": [Function],
    "getNode": [Function],
    "render": [Function],
    "simulateEvent": [Function],
    "unmount": [Function],
  },
  Symbol(enzyme.__node__): Object {
    "instance": null,
    "key": undefined,
    "nodeType": "host",
    "props": Object {
      "className": "loading ",
      "style": Object {
        "height": "",
        "marginBottom": "0",
        "marginLeft": "0",
        "marginRight": "0",
        "marginTop": "0",
        "width": "",
      },
    },
    "ref": null,
    "rendered": null,
    "type": "div",
  },
  Symbol(enzyme.__nodes__): Array [
    Object {
      "instance": null,
      "key": undefined,
      "nodeType": "host",
      "props": Object {
        "className": "loading ",
        "style": Object {
          "height": "",
          "marginBottom": "0",
          "marginLeft": "0",
          "marginRight": "0",
          "marginTop": "0",
          "width": "",
        },
      },
      "ref": null,
      "rendered": null,
      "type": "div",
    },
  ],
  Symbol(enzyme.__options__): Object {
    "adapter": ReactSixteenAdapter {
      "options": Object {
        "enableComponentDidUpdateOnSetState": true,
      },
    },
  },
}
`;
